Name                                                                                                                                                                                                                                                            Contact Person                                     Address
--------------------------------------------------------------------------------------------------------------------------------------------------------------------------------------------------------------------------------------------------------------- -------------------------------------------------- ---------------------------------------------------------------------------------------------------------------------------------------------------------------------------------------------------------------------------------------------------------------
Caca                                                                                                                                                                                                                                                            81234567890                                        Yogyakarata
Cici                                                                                                                                                                                                                                                            81209876543                                        Sleman
Cece                                                                                                                                                                                                                                                            81245678903                                        Bantul
Sasa                                                                                                                                                                                                                                                            81267890345                                        Kulon Progo
Sisi                                                                                                                                                                                                                                                            81278903456                                        DI Yogyakarata
Lili                                                                                                                                                                                                                                                            81289034567                                        Malang
Lulu                                                                                                                                                                                                                                                            81290345678                                        Surabaya
Lala                                                                                                                                                                                                                                                            81203456789                                        Bandung
Adi                                                                                                                                                                                                                                                             8134567890                                         DI Yogyakarata
Budi                                                                                                                                                                                                                                                            8135678904                                         Medan
Ade                                                                                                                                                                                                                                                             81367890345                                        Lampung
Rangga                                                                                                                                                                                                                                                          8137890345                                         Bukit Tinggi
Rengga                                                                                                                                                                                                                                                          8138904567                                         Kalimantan
Made                                                                                                                                                                                                                                                            8139045678                                         Bali
Ayu                                                                                                                                                                                                                                                             8130456789                                         Magelang
Dita                                                                                                                                                                                                                                                            817890234567                                       Solo
Dite                                                                                                                                                                                                                                                            8179022345678                                      Balikpapan
Diti                                                                                                                                                                                                                                                            817023456789                                       Semarang
Bambang                                                                                                                                                                                                                                                         81723456890                                        Makasar
Ari                                                                                                                                                                                                                                                             81734567890                                        DI Yogyakarata
Bella                                                                                                                                                                                                                                                           81745678902                                        Aceh
Sasya                                                                                                                                                                                                                                                           81756789023                                        Padang
Andi                                                                                                                                                                                                                                                            817678902345                                       Palembang
Anto                                                                                                                                                                                                                                                            817789023456                                       Papua
Adit                                                                                                                                                                                                                                                            81790234568                                        Lombok
Ditya                                                                                                                                                                                                                                                           81702345679                                        Bogor
Didi                                                                                                                                                                                                                                                            8234567890                                         Kendari
Sasyi                                                                                                                                                                                                                                                           8234567890                                         Aceh
Aca                                                                                                                                                                                                                                                             8234567090                                         Bandung
Bintang                                                                                                                                                                                                                                                         8234577890                                         Cilacap

(30 row(s) affected)

