Name                                                                                                                                                                                                                                                            Id          id
--------------------------------------------------------------------------------------------------------------------------------------------------------------------------------------------------------------------------------------------------------------- ----------- -----------
BENTON Aloe Propolis Soothing Gel                                                                                                                                                                                                                               NULL        2
BENTON Aloe Real Cool Gel                                                                                                                                                                                                                                       1           4
BENTON Aloe Real Cool Gel                                                                                                                                                                                                                                       2           4
BENTON Aloe Real Cool Gel                                                                                                                                                                                                                                       3           4
BENTON Aloe Real Cool Gel                                                                                                                                                                                                                                       4           4
BENTON Aloe Real Cool Gel                                                                                                                                                                                                                                       5           4
BENTON Aloe Real Cool Gel                                                                                                                                                                                                                                       6           4
BENTON Aloe Real Cool Gel                                                                                                                                                                                                                                       7           4
BENTON Aloe Real Cool Gel                                                                                                                                                                                                                                       8           4
BENTON Aloe Real Cool Gel                                                                                                                                                                                                                                       9           4
BENTON Aloe Real Cool Gel                                                                                                                                                                                                                                       10          4
BENTON Aloe Real Cool Gel                                                                                                                                                                                                                                       11          4
BENTON Aloe Real Cool Gel                                                                                                                                                                                                                                       12          4
BENTON Aloe Real Cool Gel                                                                                                                                                                                                                                       13          4
BENTON Aloe Real Cool Gel                                                                                                                                                                                                                                       14          4
BENTON Aloe Real Cool Gel                                                                                                                                                                                                                                       15          4
BENTON Aloe Real Cool Gel                                                                                                                                                                                                                                       16          4
BENTON Aloe Real Cool Gel                                                                                                                                                                                                                                       17          4
BENTON Aloe Real Cool Gel                                                                                                                                                                                                                                       18          4
BENTON Aloe Real Cool Gel                                                                                                                                                                                                                                       19          4
BENTON Aloe Real Cool Gel                                                                                                                                                                                                                                       20          4
BENTON Aloe Real Cool Gel                                                                                                                                                                                                                                       21          4
BENTON Aloe Real Cool Gel                                                                                                                                                                                                                                       22          4
BENTON Aloe Real Cool Gel                                                                                                                                                                                                                                       23          4
BENTON Aloe Real Cool Gel                                                                                                                                                                                                                                       24          4
BENTON Aloe Real Cool Gel                                                                                                                                                                                                                                       25          4
BENTON Aloe Real Cool Gel                                                                                                                                                                                                                                       26          4
BENTON Aloe Real Cool Gel                                                                                                                                                                                                                                       27          4
BENTON Aloe Real Cool Gel                                                                                                                                                                                                                                       28          4
BENTON Aloe Real Cool Gel                                                                                                                                                                                                                                       29          4
BENTON Aloe Real Cool Gel                                                                                                                                                                                                                                       30          4
BENTON Honest Cleansing Foam                                                                                                                                                                                                                                    NULL        3
BENTON NEW Aloe BHA Skin Toner                                                                                                                                                                                                                                  NULL        1

(33 row(s) affected)

